exports[`add site config allow you to add basic site config 1`] = `
Object {
  "config": Object {
    "plugins": Array [],
    "siteMetadata": Object {
      "title": "yo testing",
    },
  },
  "flattenedPlugins": Array [],
  "nodes": Object {},
  "pages": Array [],
  "plugins": Array [],
  "program": Object {},
}
`;
